---
# Source: kaster/templates/kaster.yaml
apiVersion: v1
kind: ConfigMap
metadata:
  name: test-path-book-level-secret
  labels:
    test: secretpath
data:
  generatedPath: "kv/test-book/publics/book-level-secret"
  inputName: "book-level-secret"
  inputPath: "book"
  inputBasePath: "kv"
  inputVisibility: "publics"
---
# Source: kaster/templates/kaster.yaml
apiVersion: v1
kind: ConfigMap
metadata:
  name: test-path-chapter-level-secret
  labels:
    test: secretpath
data:
  generatedPath: "kv/test-book/test-chapter/publics/chapter-level-secret"
  inputName: "chapter-level-secret"
  inputPath: "chapter"
  inputBasePath: "kv"
  inputVisibility: "publics"
---
# Source: kaster/templates/kaster.yaml
apiVersion: v1
kind: ConfigMap
metadata:
  name: test-path-custom-secret
  labels:
    test: secretpath
data:
  generatedPath: "kv/custom/path/custom-secret"
  inputName: "custom-secret"
  inputPath: "/custom/path/"
  inputBasePath: "kv"
  inputVisibility: "publics"
---
# Source: kaster/templates/kaster.yaml
apiVersion: v1
kind: ConfigMap
metadata:
  name: test-path-%!s(int=3)
  labels:
    test: secretpath
data:
  generatedPath: "kv/ssl/certificates"
  inputName: "3"
  inputPath: "/ssl/certificates"
  inputBasePath: "kv"
  inputVisibility: "publics"
---
# Source: kaster/templates/kaster.yaml
apiVersion: v1
kind: ConfigMap
metadata:
  name: test-path-default-path-secret
  labels:
    test: secretpath
data:
  generatedPath: "kv/test-book/test-chapter/glyphs-release/publics/default-path-secret"
  inputName: "default-path-secret"
  inputPath: ""
  inputBasePath: "kv"
  inputVisibility: "publics"
---
# Source: kaster/templates/kaster.yaml
apiVersion: v1
kind: ConfigMap
metadata:
  name: test-path-private-secret
  labels:
    test: secretpath
data:
  generatedPath: "kv/test-book/test-chapter/privates/private-secret"
  inputName: "private-secret"
  inputPath: "chapter"
  inputBasePath: "kv"
  inputVisibility: "privates"
---
# Source: kaster/templates/kaster.yaml
apiVersion: v1
kind: ConfigMap
metadata:
  name: test-path-should-be-excluded
  labels:
    test: secretpath
data:
  generatedPath: "kv/test-book/publics/"
  inputName: "should-be-excluded"
  inputPath: "book"
  inputBasePath: "kv"
  inputVisibility: "publics"
---
# Source: kaster/charts/aws/templates/ack/ack-ec2-controller.tpl
# 
#
---
# Source: kaster/charts/aws/templates/ack/ack-kms-controller.tpl
# 
#
---
# Source: kaster/charts/aws/templates/ack/ack-rds-controller.tpl
# 
#
---
# Source: kaster/charts/aws/templates/ack/ack-s3-controller.tpl
# 
#
