---
# Source: kaster/charts/aws/templates/ack/ack-ec2-controller.tpl
# 
#
---
# Source: kaster/charts/aws/templates/ack/ack-kms-controller.tpl
# 
#
---
# Source: kaster/charts/aws/templates/ack/ack-rds-controller.tpl
# 
#
---
# Source: kaster/charts/aws/templates/ack/ack-s3-controller.tpl
# 
#
---
# Source: kaster/templates/kaster.yaml
apiVersion: postgresql.cnpg.io/v1
kind: ScheduledBackup
metadata:
  name: every-six-hours
  labels:
    app.kubernetes.io/name: test
    app.kubernetes.io/instance: test
    app.kubernetes.io/part-of: test-postgresql
    app.kubernetes.io/managed-by: Helm
    spelbook: test-postgresql
    chapter: databases
    spell: kaster
spec:
  schedule: "0 0 0/6 ? * *"
  cluster:
    name: production-db
  method: plugin
  pluginConfiguration:
    name: barman-cloud.cloudnative-pg.io
  backupOwnerReference: self
---
# Source: kaster/templates/kaster.yaml
apiVersion: postgresql.cnpg.io/v1
kind: ScheduledBackup
metadata:
  name: nightly-snapshot
  labels:
    app.kubernetes.io/name: test
    app.kubernetes.io/instance: test
    app.kubernetes.io/part-of: test-postgresql
    app.kubernetes.io/managed-by: Helm
    spelbook: test-postgresql
    chapter: databases
    spell: kaster
spec:
  schedule: "0 0 3 ? * *"
  cluster:
    name: production-db
  method: barmanObjectStore
  backupOwnerReference: self
