---
# Source: kaster/charts/aws/templates/ack/ack-ec2-controller.tpl
# 
#
---
# Source: kaster/charts/aws/templates/ack/ack-kms-controller.tpl
# 
#
---
# Source: kaster/charts/aws/templates/ack/ack-rds-controller.tpl
# 
#
---
# Source: kaster/charts/aws/templates/ack/ack-s3-controller.tpl
# 
#
---
# Source: kaster/templates/kaster.yaml
apiVersion: external-secrets.io/v1
kind: ClusterSecretStore
metadata:
  name: aws-secretsmanager
spec:
  provider:
    aws:
      service: SecretsManager
      region: us-east-1
      auth:
        jwt:
          serviceAccountRef:
            name: external-secrets-sa
            namespace: external-secrets
---
# Source: kaster/templates/kaster.yaml
apiVersion: external-secrets.io/v1
kind: ExternalSecret
metadata:
  name: db-credentials

spec:
  secretStoreRef:
    name: aws-secretsmanager
    kind: ClusterSecretStore
  refreshPolicy: Periodic
  refreshInterval: 30m
  target:
    name: db-credentials
    creationPolicy: Orphan
    deletionPolicy: Merge
  dataFrom:
    - extract:
        conversionStrategy: Default
        decodingStrategy: None
        metadataPolicy: None
        key: default/default/publics/db-credentials
---
# Source: kaster/templates/kaster.yaml
apiVersion: external-secrets.io/v1
kind: ExternalSecret
metadata:
  name: api-keys

spec:
  secretStoreRef:
    name: aws-secretsmanager
    kind: ClusterSecretStore
  refreshPolicy: Periodic
  refreshInterval: 30m
  target:
    name: api-keys
    creationPolicy: Orphan
    deletionPolicy: Merge
  dataFrom:
    - extract:
        conversionStrategy: Default
        decodingStrategy: None
        metadataPolicy: None
        key: production/keys
---
# Source: kaster/templates/kaster.yaml
apiVersion: external-secrets.io/v1
kind: ExternalSecret
metadata:
  name: app-config

spec:
  secretStoreRef:
    name: aws-secretsmanager
    kind: ClusterSecretStore
  refreshPolicy: Periodic
  refreshInterval: 30m
  target:
    name: app-config
    creationPolicy: Orphan
    deletionPolicy: Merge
  dataFrom:
    - extract:
        conversionStrategy: Default
        decodingStrategy: None
        metadataPolicy: None
        key: default/default/glyphs-release/publics/app-config
