---
# Source: kaster/charts/aws/templates/ack/ack-ec2-controller.tpl
# 
#
---
# Source: kaster/charts/aws/templates/ack/ack-kms-controller.tpl
# 
#
---
# Source: kaster/charts/aws/templates/ack/ack-rds-controller.tpl
# 
#
---
# Source: kaster/charts/aws/templates/ack/ack-s3-controller.tpl
# 
#
---
# Source: kaster/templates/kaster.yaml
apiVersion: external-secrets.io/v1
kind: ClusterSecretStore
metadata:
  name: vault-store
spec:
  provider:
    vault:
      version: v2
      server: http://vault.vault.svc:8200
      path: kv
      auth:
        kubernetes:
          mountPath: k8s-path-auth
          role: externalsecrets-basic-test
---
# Source: kaster/templates/kaster.yaml
apiVersion: generators.external-secrets.io/v1alpha1
kind: Password 
metadata:
  name: app-config
spec:  
  length: 32
  digits: 5
  symbols: 5
  symbolCharacters: -_@
  allowRepeat: true
---
# Source: kaster/templates/kaster.yaml
apiVersion: generators.external-secrets.io/v1alpha1
kind: Password 
metadata:
  name: custom-length
spec:  
  length: jorge
  digits: jorge
  symbols: jorge
  symbolCharacters: jorge
  allowRepeat: false
---
# Source: kaster/templates/kaster.yaml
apiVersion: generators.external-secrets.io/v1alpha1
kind: Password 
metadata:
  name: vault-provider
spec:  
  length: 32
  digits: 5
  symbols: 5
  symbolCharacters: -_@
  allowRepeat: true
---
# Source: kaster/templates/kaster.yaml
apiVersion: generators.external-secrets.io/v1alpha1
kind: Password 
metadata:
  name: aws-provider
spec:  
  length: 32
  digits: 5
  symbols: 5
  symbolCharacters: -_@
  allowRepeat: true
---
# Source: kaster/templates/kaster.yaml
apiVersion: generators.external-secrets.io/v1alpha1
kind: Password 
metadata:
  name: custom-path
spec:  
  length: 32
  digits: 5
  symbols: 5
  symbolCharacters: -_@
  allowRepeat: true
---
# Source: kaster/templates/kaster.yaml
apiVersion: external-secrets.io/v1alpha1
kind: PushSecret
metadata:
  name: app-config
spec:
  refreshInterval: 60m0s
  secretStoreRefs:
    - name: vault-store          
      kind: ClusterSecretStore
  selector:
    generatorRef:
      apiVersion: generators.external-secrets.io/v1alpha1
      kind: Password
      name: app-config
  
  data: 
    - match:
        secretKey: password
        remoteRef:
          remoteKey: kv/data/default/default/glyphs-release/publics/app-config
---
# Source: kaster/templates/kaster.yaml
apiVersion: external-secrets.io/v1alpha1
kind: PushSecret
metadata:
  name: custom-length
spec:
  refreshInterval: 60m0s
  secretStoreRefs:
    - name: vault-store          
      kind: ClusterSecretStore
  selector:
    generatorRef:
      apiVersion: generators.external-secrets.io/v1alpha1
      kind: Password
      name: custom-length
  
  data: 
    - match:
        secretKey: password
        remoteRef:
          remoteKey: kv/data/default/default/glyphs-release/publics/custom-length
---
# Source: kaster/templates/kaster.yaml
apiVersion: external-secrets.io/v1alpha1
kind: PushSecret
metadata:
  name: vault-provider
spec:
  refreshInterval: 60m0s
  secretStoreRefs:
    - name: vault-store          
      kind: ClusterSecretStore
  selector:
    generatorRef:
      apiVersion: generators.external-secrets.io/v1alpha1
      kind: Password
      name: vault-provider
  
  data: 
    - match:
        secretKey: password
        remoteRef:
          remoteKey: kv/data/default/default/glyphs-release/publics/vault-provider
---
# Source: kaster/templates/kaster.yaml
apiVersion: external-secrets.io/v1alpha1
kind: PushSecret
metadata:
  name: aws-provider
spec:
  refreshInterval: 60m0s
  secretStoreRefs:
    - name: aws-store          
      kind: ClusterSecretStore
  selector:
    generatorRef:
      apiVersion: generators.external-secrets.io/v1alpha1
      kind: Password
      name: aws-provider
  
  data: 
    - match:
        secretKey: password
        remoteRef:
          remoteKey: default/default/glyphs-release/publics/aws-provider
---
# Source: kaster/templates/kaster.yaml
apiVersion: external-secrets.io/v1alpha1
kind: PushSecret
metadata:
  name: custom-path
spec:
  refreshInterval: 60m0s
  secretStoreRefs:
    - name: vault-store          
      kind: ClusterSecretStore
  selector:
    generatorRef:
      apiVersion: generators.external-secrets.io/v1alpha1
      kind: Password
      name: custom-path
  
  data: 
    - match:
        secretKey: password
        remoteRef:
          remoteKey: /foo/bar
