---
# Source: kaster/charts/aws/templates/ack/ack-ec2-controller.tpl
# 
#
---
# Source: kaster/charts/aws/templates/ack/ack-kms-controller.tpl
# 
#
---
# Source: kaster/charts/aws/templates/ack/ack-rds-controller.tpl
# 
#
---
# Source: kaster/charts/aws/templates/ack/ack-s3-controller.tpl
# 
#
---
# Source: kaster/templates/kaster.yaml
apiVersion: netbird.io/v1alpha1
kind: Group
metadata:
  name: prod-servers
  labels:
    app.kubernetes.io/name: test
    app.kubernetes.io/instance: test
    app.kubernetes.io/part-of: my-app
    app.kubernetes.io/managed-by: Helm
    spelbook: my-app
    chapter: production
    spell: kaster
spec:
  name: "prod-servers"
