---
# Source: kaster/charts/aws/templates/ack/ack-ec2-controller.tpl
# 
#
---
# Source: kaster/charts/aws/templates/ack/ack-kms-controller.tpl
# 
#
---
# Source: kaster/charts/aws/templates/ack/ack-rds-controller.tpl
# 
#
---
# Source: kaster/charts/aws/templates/ack/ack-s3-controller.tpl
# 
#
---
# Source: kaster/templates/kaster.yaml
apiVersion: compute.cnrm.cloud.google.com/v1beta1
kind: ComputeSubnetwork
metadata:
  name: allow-ssh
  labels:
    app.kubernetes.io/name: test
    app.kubernetes.io/instance: test
    app.kubernetes.io/part-of: default
    app.kubernetes.io/managed-by: Helm
    spelbook: default
    chapter: default
    spell: kaster
spec:
  networkRef:
    name: jorge
  ipCidrRange: 10.12.128.0/22
  region: us-east1
  description: a nice long string
  privateIpGoogleAccess: true
