---
# Source: kaster/charts/aws/templates/ack/ack-ec2-controller.tpl
# 
#
---
# Source: kaster/charts/aws/templates/ack/ack-kms-controller.tpl
# 
#
---
# Source: kaster/charts/aws/templates/ack/ack-rds-controller.tpl
# 
#
---
# Source: kaster/charts/aws/templates/ack/ack-s3-controller.tpl
# 
#
---
# Source: kaster/templates/kaster.yaml
apiVersion: iam.services.k8s.aws/v1alpha1
kind: Policy
metadata:
  name: runik-un-role
  namespace: glyphs-release
  labels:
    app.kubernetes.io/name: test
    app.kubernetes.io/instance: test
    app.kubernetes.io/part-of: default
    app.kubernetes.io/managed-by: Helm
    spelbook: default
    chapter: default
    spell: kaster
spec:
  name: runik-un-role
  description: "test"
  policyDocument: |
    {
      "Version": "2012-10-17",
      "Statement": [
        {
          "Effect": "Allow",
          "Action": ["s3:ListBucket","s3:GetObjec1t"],
          "Resource": "arn:aws:secrets"
        }
      ]
    }
  tags:
    - key: Name
      value: runik-un-role
    - key: ManagedBy
      value: ack-iam-controller
