---
# Source: kaster/charts/aws/templates/ack/ack-ec2-controller.tpl
# 
#
---
# Source: kaster/charts/aws/templates/ack/ack-kms-controller.tpl
# 
#
---
# Source: kaster/charts/aws/templates/ack/ack-rds-controller.tpl
# 
#
---
# Source: kaster/charts/aws/templates/ack/ack-s3-controller.tpl
# 
#
---
# Source: kaster/templates/kaster.yaml
apiVersion: redhatcop.redhat.io/v1alpha1
kind: DatabaseSecretEngineConfig
metadata:
  name: fulltext-elastic-infra
  namespace: elastic-infra
  labels:
    app.kubernetes.io/name: fulltext
    app.kubernetes.io/instance: test
    app.kubernetes.io/part-of: test-book
    app.kubernetes.io/managed-by: Helm
    spelbook: test-book
    chapter: huly
    spell: fulltext
  annotations:
    argocd.argoproj.io/sync-wave: "-2"
spec:
  authentication:
    path: test-book
    role: elastic-infra
    serviceAccount:
      name: elastic-infra
  connection:
    address: http://vault.vault.svc:8200
    tLSConfig:
      skipVerify: false
  pluginName: elasticsearch-database-plugin
  allowedRoles:
    - search
  passwordAuthentication: "password"
  databaseSpecificConfig:
    url: http://elastic-infra-es-http.elastic-infra.svc:9200
  verifyConnection: true
  username: elastic
  rootCredentials:
    secret:
      name: elastic-infra-es-elastic-user
    passwordKey: elastic
    usernameKey: username
  path: db/test-book/huly/fulltext
  rootPasswordRotation:
    rotationPeriod: "0s"
---
# Source: kaster/templates/kaster.yaml
apiVersion: redhatcop.redhat.io/v1alpha1
kind: DatabaseSecretEngineRole
metadata:
  name: search
  namespace: vault
  labels:
    app.kubernetes.io/name: fulltext
    app.kubernetes.io/instance: test
    app.kubernetes.io/part-of: test-book
    app.kubernetes.io/managed-by: Helm
    spelbook: test-book
    chapter: huly
    spell: fulltext
spec:
  authentication:
    path: test-book
    role: vault
    serviceAccount:
      name: vault
  connection:
    address: http://vault.vault.svc:8200
    tLSConfig:
      skipVerify: false
  path: db/test-book/huly/fulltext
  dBName: fulltext-elastic-infra
  creationStatements:
    - '{"elasticsearch_role_definition":{"indices":[{"names":["huly-production","huly-production-*"],"privileges":["read","write","create_index","view_index_metadata"]}]}}'
---
# Source: kaster/templates/kaster.yaml
apiVersion: redhatcop.redhat.io/v1alpha1
kind: KubernetesAuthEngineRole
metadata:
  name: fulltext
  namespace: vault
  labels:
    app.kubernetes.io/name: fulltext
    app.kubernetes.io/instance: test
    app.kubernetes.io/part-of: test-book
    app.kubernetes.io/managed-by: Helm
    spelbook: test-book
    chapter: huly
    spell: fulltext
  annotations:
    argocd.argoproj.io/sync-wave: "-4"
spec:
  authentication:
    path: test-book
    role: vault
    serviceAccount:
      name: vault
  connection:
    address: http://vault.vault.svc:8200
    tLSConfig:
      skipVerify: false
  path: test-book
  policies:
    - fulltext
  targetServiceAccounts:
    - huly
  targetNamespaces:
    targetNamespaces:
      - glyphs-release
---
# Source: kaster/templates/kaster.yaml
apiVersion: redhatcop.redhat.io/v1alpha1
kind: KubernetesAuthEngineRole
metadata:
  name: metrics
  namespace: vault
  labels:
    app.kubernetes.io/name: fulltext
    app.kubernetes.io/instance: test
    app.kubernetes.io/part-of: test-book
    app.kubernetes.io/managed-by: Helm
    spelbook: test-book
    chapter: huly
    spell: fulltext
spec:
  authentication:
    path: test-book
    role: vault
    serviceAccount:
      name: vault
  connection:
    address: http://vault.vault.svc:8200
    tLSConfig:
      skipVerify: false
  path: test-book
  policies:
    - metrics
  targetServiceAccounts:
    - huly
  targetNamespaces:
    targetNamespaces:
      - glyphs-release
---
# Source: kaster/templates/kaster.yaml
apiVersion: redhatcop.redhat.io/v1alpha1
kind: Policy
metadata:
  name: fulltext
  namespace: vault
  labels:
    app.kubernetes.io/name: fulltext
    app.kubernetes.io/instance: test
    app.kubernetes.io/part-of: test-book
    app.kubernetes.io/managed-by: Helm
    spelbook: test-book
    chapter: huly
    spell: fulltext
  annotations:
    argocd.argoproj.io/sync-wave: "-5"
spec:
  authentication:
    path: test-book
    role: vault
    serviceAccount:
      name: vault
  connection:
    address: http://vault.vault.svc:8200
    tLSConfig:
      skipVerify: false
  policy: |
    path "secret/data/test-book/huly/glyphs-release/*" {
      capabilities = ["create","read","update","delete","list"]
    }
    path "secret/metadata/test-book/huly/glyphs-release/*" {
      capabilities = ["create","read","update","delete","list"]
    }
    path "secret/data/test-book/huly/publics/*" {
      capabilities = ["read","list"]
    }
    path "secret/metadata/test-book/huly/publics/*" {
      capabilities = ["read","list"]
    }
    path "secret/data/test-book/publics/*" {
      capabilities = ["read","list"]
    }
    path "secret/metadata/test-book/publics/*" {
      capabilities = ["read","list"]
    }
    path "secret/data/test-book/pipelines/*" {
      capabilities = ["read","list"]
    }
    path "secret/metadata/test-book/pipelines/*" {
      capabilities = ["read","list"]
    }
    path "sys/policies/password/*" {
      capabilities = ["read","list"]
    }
    path "db/test-book/huly/fulltext/creds/*" {
      capabilities = ["read"]
    }
    path "db/test-book/huly/fulltext/static-creds/*" {
      capabilities = ["read"]
    }
    path "sys/mounts" {
      capabilities = ["read"]
    }
    path "sys/mounts/db/test-book/huly/fulltext" {
      capabilities = ["create","read","update","delete"]
    }
---
# Source: kaster/templates/kaster.yaml
apiVersion: redhatcop.redhat.io/v1alpha1
kind: Policy
metadata:
  name: metrics
  namespace: vault
  labels:
    app.kubernetes.io/name: fulltext
    app.kubernetes.io/instance: test
    app.kubernetes.io/part-of: test-book
    app.kubernetes.io/managed-by: Helm
    spelbook: test-book
    chapter: huly
    spell: fulltext
spec:
  authentication:
    path: test-book
    role: vault
    serviceAccount:
      name: vault
  connection:
    address: http://vault.vault.svc:8200
    tLSConfig:
      skipVerify: false
  policy: |
    path "secret/data/test-book/huly/metrics/*" {
      capabilities = ["create","read","update","delete","list"]
    }
    path "secret/metadata/test-book/huly/metrics/*" {
      capabilities = ["create","read","update","delete","list"]
    }
    path "secret/data/test-book/huly/publics/*" {
      capabilities = ["read","list"]
    }
    path "secret/metadata/test-book/huly/publics/*" {
      capabilities = ["read","list"]
    }
    path "secret/data/test-book/publics/*" {
      capabilities = ["read","list"]
    }
    path "secret/metadata/test-book/publics/*" {
      capabilities = ["read","list"]
    }
    path "secret/data/test-book/pipelines/*" {
      capabilities = ["read","list"]
    }
    path "secret/metadata/test-book/pipelines/*" {
      capabilities = ["read","list"]
    }
    path "sys/policies/password/*" {
      capabilities = ["read","list"]
    }
---
# Source: kaster/templates/kaster.yaml
apiVersion: redhatcop.redhat.io/v1alpha1
kind: SecretEngineMount
metadata:
  name: fulltext
  namespace: glyphs-release
  labels:
    app.kubernetes.io/name: fulltext
    app.kubernetes.io/instance: test
    app.kubernetes.io/part-of: test-book
    app.kubernetes.io/managed-by: Helm
    spelbook: test-book
    chapter: huly
    spell: fulltext
  annotations:
    argocd.argoproj.io/sync-wave: "-3"
spec:
  authentication:
    path: test-book
    role: fulltext
    serviceAccount:
      name: huly
  connection:
    address: http://vault.vault.svc:8200
    tLSConfig:
      skipVerify: false
  type: database
  path: db/test-book/huly
  description: "Runik database credentials for test-book/huly/fulltext"
  config:
    listingVisibility: hidden
---
# Source: kaster/templates/kaster.yaml
apiVersion: redhatcop.redhat.io/v1alpha1
kind: VaultSecret
metadata:
  name: search
  labels:
    app.kubernetes.io/name: fulltext
    app.kubernetes.io/instance: test
    app.kubernetes.io/part-of: test-book
    app.kubernetes.io/managed-by: Helm
    spelbook: test-book
    chapter: huly
    spell: fulltext
spec:
  refreshThreshold: 90
  refreshPeriod: 30m0s
  vaultSecretDefinitions:
    - name: secret
      requestType: GET
      path: db/test-book/huly/fulltext/creds/search
      authentication:
        path: test-book
        role: fulltext
        serviceAccount:
          name: huly
      connection:
        address: http://vault.vault.svc:8200
        tLSConfig:
          skipVerify: false
  output:
    name: search
    labels:
      app.kubernetes.io/name: fulltext
      app.kubernetes.io/instance: test
      app.kubernetes.io/part-of: test-book
      app.kubernetes.io/managed-by: Helm
      spelbook: test-book
      chapter: huly
      spell: fulltext
    stringData: #tiene q haber una forma de hacer q esto funcione con un range del lado del operator para q no hagan falta las keys
        USERNAME: '{{ .secret.username }}'
        PASSWORD: '{{ .secret.password }}'
        HOST: "elastic-infra-es-http.elastic-infra.svc"
        INDEX: "huly-production"
        PORT: "9200"
        SCHEME: "http"
        URL: "http://elastic-infra-es-http.elastic-infra.svc:9200"
    type: Opaque
