---
# Source: kaster/charts/aws/templates/ack/ack-ec2-controller.tpl
# 
#
---
# Source: kaster/charts/aws/templates/ack/ack-kms-controller.tpl
# 
#
---
# Source: kaster/charts/aws/templates/ack/ack-rds-controller.tpl
# 
#
---
# Source: kaster/charts/aws/templates/ack/ack-s3-controller.tpl
# 
#
---
# Source: kaster/templates/kaster.yaml
apiVersion: redhatcop.redhat.io/v1alpha1
kind: PasswordPolicy
metadata:
  name: no-ambiguous-chars
  namespace: vault
  labels:
    app.kubernetes.io/name: test
    app.kubernetes.io/instance: test
    app.kubernetes.io/part-of: default
    app.kubernetes.io/managed-by: Helm
    spelbook: default
    chapter: default
    spell: kaster
spec:
  authentication:
    path: k8s-path-auth
    role: vault
    serviceAccount:
      name: vault
  connection:
    address: http://vault.vault.svc:8200
    tLSConfig:
      skipVerify: true
  passwordPolicy: |
    length = 20
    rule "charset" {
      # Lowercase without ambiguous chars (no l, o)
      charset = "abcdefghijkmnpqrstuvwxyz"
      min-chars = 5
    }
    rule "charset" {
      # Uppercase without ambiguous chars (no I, O)
      charset = "ABCDEFGHJKLMNPQRSTUVWXYZ"
      min-chars = 5
    }
    rule "charset" {
      # Numbers without ambiguous chars (no 0, 1)
      charset = "23456789"
      min-chars = 4
    }
    rule "charset" {
      # Safe special characters
      charset = "!@#$%^&*"
      min-chars = 2
    }
---
# Source: kaster/templates/kaster.yaml
apiVersion: redhatcop.redhat.io/v1alpha1
kind: PasswordPolicy
metadata:
  name: hex-token
  namespace: vault
  labels:
    app.kubernetes.io/name: test
    app.kubernetes.io/instance: test
    app.kubernetes.io/part-of: default
    app.kubernetes.io/managed-by: Helm
    spelbook: default
    chapter: default
    spell: kaster
spec:
  authentication:
    path: k8s-path-auth
    role: vault
    serviceAccount:
      name: vault
  connection:
    address: http://vault.vault.svc:8200
    tLSConfig:
      skipVerify: true
  passwordPolicy: |
    length = 32
    rule "charset" {
      charset = "0123456789abcdef"
      min-chars = 32
    }
---
# Source: kaster/templates/kaster.yaml
apiVersion: redhatcop.redhat.io/v1alpha1
kind: PasswordPolicy
metadata:
  name: base64-url-safe
  namespace: vault
  labels:
    app.kubernetes.io/name: test
    app.kubernetes.io/instance: test
    app.kubernetes.io/part-of: default
    app.kubernetes.io/managed-by: Helm
    spelbook: default
    chapter: default
    spell: kaster
spec:
  authentication:
    path: k8s-path-auth
    role: vault
    serviceAccount:
      name: vault
  connection:
    address: http://vault.vault.svc:8200
    tLSConfig:
      skipVerify: true
  passwordPolicy: |
    length = 24
    rule "charset" {
      charset = "ABCDEFGHIJKLMNOPQRSTUVWXYZabcdefghijklmnopqrstuvwxyz0123456789-_"
      min-chars = 24
    }
---
# Source: kaster/templates/kaster.yaml
apiVersion: redhatcop.redhat.io/v1alpha1
kind: PasswordPolicy
metadata:
  name: formatted-key
  namespace: vault
  labels:
    app.kubernetes.io/name: test
    app.kubernetes.io/instance: test
    app.kubernetes.io/part-of: default
    app.kubernetes.io/managed-by: Helm
    spelbook: default
    chapter: default
    spell: kaster
spec:
  authentication:
    path: k8s-path-auth
    role: vault
    serviceAccount:
      name: vault
  connection:
    address: http://vault.vault.svc:8200
    tLSConfig:
      skipVerify: true
  passwordPolicy: |
    length = 29
    # Format: XXXX-XXXX-XXXX-XXXX-XXXX-XXXX
    rule "charset" {
      charset = "ABCDEFGHIJKLMNOPQRSTUVWXYZ0123456789-"
      min-chars = 29
    }
---
# Source: kaster/templates/kaster.yaml
apiVersion: redhatcop.redhat.io/v1alpha1
kind: PasswordPolicy
metadata:
  name: database-safe
  namespace: vault
  labels:
    app.kubernetes.io/name: test
    app.kubernetes.io/instance: test
    app.kubernetes.io/part-of: default
    app.kubernetes.io/managed-by: Helm
    spelbook: default
    chapter: default
    spell: kaster
spec:
  authentication:
    path: k8s-path-auth
    role: vault
    serviceAccount:
      name: vault
  connection:
    address: http://vault.vault.svc:8200
    tLSConfig:
      skipVerify: true
  passwordPolicy: |
    length = 24
    rule "charset" {
      charset = "abcdefghijklmnopqrstuvwxyz"
      min-chars = 6
    }
    rule "charset" {
      charset = "ABCDEFGHIJKLMNOPQRSTUVWXYZ"
      min-chars = 6
    }
    rule "charset" {
      charset = "0123456789"
      min-chars = 6
    }
    rule "charset" {
      # Special chars safe for SQL (no quotes or semicolons)
      charset = "!@#$%^&*()_+-=[]{}|:<>?"
      min-chars = 6
    }
---
# Source: kaster/templates/kaster.yaml
apiVersion: redhatcop.redhat.io/v1alpha1
kind: PasswordPolicy
metadata:
  name: structured-policy
  namespace: vault
  labels:
    app.kubernetes.io/name: test
    app.kubernetes.io/instance: test
    app.kubernetes.io/part-of: default
    app.kubernetes.io/managed-by: Helm
    spelbook: default
    chapter: default
    spell: kaster
spec:
  authentication:
    path: k8s-path-auth
    role: vault
    serviceAccount:
      name: vault
  connection:
    address: http://vault.vault.svc:8200
    tLSConfig:
      skipVerify: true
  passwordPolicy: |
    
    length = 18
    rule "charset" {
      charset = "abcdefghijklmnopqrstuvwxyz"
      min-chars = 6
    }
    rule "charset" {
      charset = "ABCDEFGHIJKLMNOPQRSTUVWXYZ"
      min-chars = 6
    }
    rule "charset" {
      charset = "0123456789"
      min-chars = 6
    }
---
# Source: kaster/templates/kaster.yaml
apiVersion: redhatcop.redhat.io/v1alpha1
kind: RandomSecret
metadata:
  name: readable-token
  labels:
    app.kubernetes.io/name: test
    app.kubernetes.io/instance: test
    app.kubernetes.io/part-of: default
    app.kubernetes.io/managed-by: Helm
    spelbook: default
    chapter: default
    spell: kaster
spec:
  authentication:
    path: k8s-path-auth
    role: test
    serviceAccount:
      name: test
  connection:
    address: http://vault.vault.svc:8200
    tLSConfig:
      skipVerify: true
  isKVSecretsEngineV2: true
  path: kv/data/default/default/glyphs-release/publics/
  secretKey: token
  secretFormat:
    passwordPolicyName: no-ambiguous-chars
---
# Source: kaster/templates/kaster.yaml
apiVersion: redhatcop.redhat.io/v1alpha1
kind: RandomSecret
metadata:
  name: api-hex-token
  labels:
    app.kubernetes.io/name: test
    app.kubernetes.io/instance: test
    app.kubernetes.io/part-of: default
    app.kubernetes.io/managed-by: Helm
    spelbook: default
    chapter: default
    spell: kaster
spec:
  authentication:
    path: k8s-path-auth
    role: test
    serviceAccount:
      name: test
  connection:
    address: http://vault.vault.svc:8200
    tLSConfig:
      skipVerify: true
  isKVSecretsEngineV2: true
  path: kv/data/default/default/glyphs-release/publics/
  secretKey: hex-token
  secretFormat:
    passwordPolicyName: hex-token
---
# Source: kaster/templates/kaster.yaml
apiVersion: redhatcop.redhat.io/v1alpha1
kind: RandomSecret
metadata:
  name: jwt-signing-key
  labels:
    app.kubernetes.io/name: test
    app.kubernetes.io/instance: test
    app.kubernetes.io/part-of: default
    app.kubernetes.io/managed-by: Helm
    spelbook: default
    chapter: default
    spell: kaster
spec:
  authentication:
    path: k8s-path-auth
    role: test
    serviceAccount:
      name: test
  connection:
    address: http://vault.vault.svc:8200
    tLSConfig:
      skipVerify: true
  isKVSecretsEngineV2: true
  path: kv/data/default/default/glyphs-release/publics/
  secretKey: signing-key
  secretFormat:
    passwordPolicyName: base64-url-safe
---
# Source: kaster/templates/kaster.yaml
apiVersion: redhatcop.redhat.io/v1alpha1
kind: RandomSecret
metadata:
  name: license-key
  labels:
    app.kubernetes.io/name: test
    app.kubernetes.io/instance: test
    app.kubernetes.io/part-of: default
    app.kubernetes.io/managed-by: Helm
    spelbook: default
    chapter: default
    spell: kaster
spec:
  authentication:
    path: k8s-path-auth
    role: test
    serviceAccount:
      name: test
  connection:
    address: http://vault.vault.svc:8200
    tLSConfig:
      skipVerify: true
  isKVSecretsEngineV2: true
  path: kv/data/default/default/glyphs-release/publics/
  secretKey: key
  secretFormat:
    passwordPolicyName: formatted-key
---
# Source: kaster/templates/kaster.yaml
apiVersion: redhatcop.redhat.io/v1alpha1
kind: RandomSecret
metadata:
  name: postgres-admin
  labels:
    app.kubernetes.io/name: test
    app.kubernetes.io/instance: test
    app.kubernetes.io/part-of: default
    app.kubernetes.io/managed-by: Helm
    spelbook: default
    chapter: default
    spell: kaster
spec:
  authentication:
    path: k8s-path-auth
    role: test
    serviceAccount:
      name: test
  connection:
    address: http://vault.vault.svc:8200
    tLSConfig:
      skipVerify: true
  isKVSecretsEngineV2: true
  path: kv/data/default/default/glyphs-release/publics/
  secretKey: password
  secretFormat:
    passwordPolicyName: database-safe
---
# Source: kaster/templates/kaster.yaml
apiVersion: redhatcop.redhat.io/v1alpha1
kind: RandomSecret
metadata:
  name: structured-credentials
  labels:
    app.kubernetes.io/name: test
    app.kubernetes.io/instance: test
    app.kubernetes.io/part-of: default
    app.kubernetes.io/managed-by: Helm
    spelbook: default
    chapter: default
    spell: kaster
spec:
  authentication:
    path: k8s-path-auth
    role: test
    serviceAccount:
      name: test
  connection:
    address: http://vault.vault.svc:8200
    tLSConfig:
      skipVerify: true
  isKVSecretsEngineV2: true
  path: kv/data/default/default/glyphs-release/publics/
  secretKey: access-key
  secretFormat:
    passwordPolicyName: structured-policy
---
# Source: kaster/templates/kaster.yaml
apiVersion: redhatcop.redhat.io/v1alpha1
kind: RandomSecret
metadata:
  name: app-credentials-main
  labels:
    app.kubernetes.io/name: test
    app.kubernetes.io/instance: test
    app.kubernetes.io/part-of: default
    app.kubernetes.io/managed-by: Helm
    spelbook: default
    chapter: default
    spell: kaster
spec:
  authentication:
    path: k8s-path-auth
    role: test
    serviceAccount:
      name: test
  connection:
    address: http://vault.vault.svc:8200
    tLSConfig:
      skipVerify: true
  isKVSecretsEngineV2: true
  path: kv/data/default/default/glyphs-release/publics/
  secretKey: main-password
  secretFormat:
    passwordPolicyName: database-safe
---
# Source: kaster/templates/kaster.yaml
apiVersion: redhatcop.redhat.io/v1alpha1
kind: RandomSecret
metadata:
  name: app-credentials-token
  labels:
    app.kubernetes.io/name: test
    app.kubernetes.io/instance: test
    app.kubernetes.io/part-of: default
    app.kubernetes.io/managed-by: Helm
    spelbook: default
    chapter: default
    spell: kaster
spec:
  authentication:
    path: k8s-path-auth
    role: test
    serviceAccount:
      name: test
  connection:
    address: http://vault.vault.svc:8200
    tLSConfig:
      skipVerify: true
  isKVSecretsEngineV2: true
  path: kv/data/default/default/glyphs-release/publics/
  secretKey: bearer-token
  secretFormat:
    passwordPolicyName: base64-url-safe
---
# Source: kaster/templates/kaster.yaml
apiVersion: redhatcop.redhat.io/v1alpha1
kind: RandomSecret
metadata:
  name: app-credentials-apikey
  labels:
    app.kubernetes.io/name: test
    app.kubernetes.io/instance: test
    app.kubernetes.io/part-of: default
    app.kubernetes.io/managed-by: Helm
    spelbook: default
    chapter: default
    spell: kaster
spec:
  authentication:
    path: k8s-path-auth
    role: test
    serviceAccount:
      name: test
  connection:
    address: http://vault.vault.svc:8200
    tLSConfig:
      skipVerify: true
  isKVSecretsEngineV2: true
  path: kv/data/default/default/glyphs-release/publics/
  secretKey: api-key
  secretFormat:
    passwordPolicyName: hex-token
---
# Source: kaster/templates/kaster.yaml
apiVersion: redhatcop.redhat.io/v1alpha1
kind: VaultSecret
metadata:
  name: readable-token
  labels:
    app.kubernetes.io/name: test
    app.kubernetes.io/instance: test
    app.kubernetes.io/part-of: default
    app.kubernetes.io/managed-by: Helm
    spelbook: default
    chapter: default
    spell: kaster
spec:
  refreshThreshold: 90
  refreshPeriod: 3m0s
  vaultSecretDefinitions:
    - name: secret
      requestType: GET
      path: kv/data/default/default/glyphs-release/publics/readable-token
      authentication:
        path: k8s-path-auth
        role: test
        serviceAccount:
          name: test
      connection:
        address: http://vault.vault.svc:8200
        tLSConfig:
          skipVerify: true
  output:
    name: readable-token
    labels:
      app.kubernetes.io/name: test
      app.kubernetes.io/instance: test
      app.kubernetes.io/part-of: default
      app.kubernetes.io/managed-by: Helm
      spelbook: default
      chapter: default
      spell: kaster
    stringData:
        description: Token without ambiguous characters for better readability
        service: token-service
        token: '{{ index .secret "token" }}'
    type: Opaque
---
# Source: kaster/templates/kaster.yaml
apiVersion: redhatcop.redhat.io/v1alpha1
kind: VaultSecret
metadata:
  name: api-hex-token
  labels:
    app.kubernetes.io/name: test
    app.kubernetes.io/instance: test
    app.kubernetes.io/part-of: default
    app.kubernetes.io/managed-by: Helm
    spelbook: default
    chapter: default
    spell: kaster
spec:
  refreshThreshold: 90
  refreshPeriod: 3m0s
  vaultSecretDefinitions:
    - name: secret
      requestType: GET
      path: kv/data/default/default/glyphs-release/publics/api-hex-token
      authentication:
        path: k8s-path-auth
        role: test
        serviceAccount:
          name: test
      connection:
        address: http://vault.vault.svc:8200
        tLSConfig:
          skipVerify: true
  output:
    name: api-hex-token
    labels:
      app.kubernetes.io/name: test
      app.kubernetes.io/instance: test
      app.kubernetes.io/part-of: default
      app.kubernetes.io/managed-by: Helm
      spelbook: default
      chapter: default
      spell: kaster
    stringData:
        api-version: v2
        endpoint: https://api.internal.com
        hex-token: '{{ index .secret "hex-token" }}'
    type: Opaque
---
# Source: kaster/templates/kaster.yaml
apiVersion: redhatcop.redhat.io/v1alpha1
kind: VaultSecret
metadata:
  name: jwt-signing-key
  labels:
    app.kubernetes.io/name: test
    app.kubernetes.io/instance: test
    app.kubernetes.io/part-of: default
    app.kubernetes.io/managed-by: Helm
    spelbook: default
    chapter: default
    spell: kaster
spec:
  refreshThreshold: 90
  refreshPeriod: 3m0s
  vaultSecretDefinitions:
    - name: secret
      requestType: GET
      path: kv/data/default/default/glyphs-release/publics/jwt-signing-key
      authentication:
        path: k8s-path-auth
        role: test
        serviceAccount:
          name: test
      connection:
        address: http://vault.vault.svc:8200
        tLSConfig:
          skipVerify: true
  output:
    name: jwt-signing-key
    labels:
      app.kubernetes.io/name: test
      app.kubernetes.io/instance: test
      app.kubernetes.io/part-of: default
      app.kubernetes.io/managed-by: Helm
      spelbook: default
      chapter: default
      spell: kaster
    stringData:
        algorithm: HS256
        issuer: auth.mycompany.com
        signing-key: '{{ index .secret "signing-key" }}'
    type: Opaque
---
# Source: kaster/templates/kaster.yaml
apiVersion: redhatcop.redhat.io/v1alpha1
kind: VaultSecret
metadata:
  name: license-key
  labels:
    app.kubernetes.io/name: test
    app.kubernetes.io/instance: test
    app.kubernetes.io/part-of: default
    app.kubernetes.io/managed-by: Helm
    spelbook: default
    chapter: default
    spell: kaster
spec:
  refreshThreshold: 90
  refreshPeriod: 3m0s
  vaultSecretDefinitions:
    - name: secret
      requestType: GET
      path: kv/data/default/default/glyphs-release/publics/license-key
      authentication:
        path: k8s-path-auth
        role: test
        serviceAccount:
          name: test
      connection:
        address: http://vault.vault.svc:8200
        tLSConfig:
          skipVerify: true
  output:
    name: license-key
    labels:
      app.kubernetes.io/name: test
      app.kubernetes.io/instance: test
      app.kubernetes.io/part-of: default
      app.kubernetes.io/managed-by: Helm
      spelbook: default
      chapter: default
      spell: kaster
    stringData:
        product: enterprise-edition
        valid-until: 2025-12-31
        key: '{{ index .secret "key" }}'
    type: Opaque
---
# Source: kaster/templates/kaster.yaml
apiVersion: redhatcop.redhat.io/v1alpha1
kind: VaultSecret
metadata:
  name: postgres-admin
  labels:
    app.kubernetes.io/name: test
    app.kubernetes.io/instance: test
    app.kubernetes.io/part-of: default
    app.kubernetes.io/managed-by: Helm
    spelbook: default
    chapter: default
    spell: kaster
spec:
  refreshThreshold: 90
  refreshPeriod: 3m0s
  vaultSecretDefinitions:
    - name: secret
      requestType: GET
      path: kv/data/default/default/glyphs-release/publics/postgres-admin
      authentication:
        path: k8s-path-auth
        role: test
        serviceAccount:
          name: test
      connection:
        address: http://vault.vault.svc:8200
        tLSConfig:
          skipVerify: true
  output:
    name: postgres-admin
    labels:
      app.kubernetes.io/name: test
      app.kubernetes.io/instance: test
      app.kubernetes.io/part-of: default
      app.kubernetes.io/managed-by: Helm
      spelbook: default
      chapter: default
      spell: kaster
    stringData:
        database: main_db
        host: postgres.database.svc
        port: 5432
        username: postgres_admin
        password: '{{ index .secret "password" }}'
    type: Opaque
---
# Source: kaster/templates/kaster.yaml
apiVersion: redhatcop.redhat.io/v1alpha1
kind: VaultSecret
metadata:
  name: structured-credentials
  labels:
    app.kubernetes.io/name: test
    app.kubernetes.io/instance: test
    app.kubernetes.io/part-of: default
    app.kubernetes.io/managed-by: Helm
    spelbook: default
    chapter: default
    spell: kaster
spec:
  refreshThreshold: 90
  refreshPeriod: 3m0s
  vaultSecretDefinitions:
    - name: secret
      requestType: GET
      path: kv/data/default/default/glyphs-release/publics/structured-credentials
      authentication:
        path: k8s-path-auth
        role: test
        serviceAccount:
          name: test
      connection:
        address: http://vault.vault.svc:8200
        tLSConfig:
          skipVerify: true
  output:
    name: structured-credentials
    labels:
      app.kubernetes.io/name: test
      app.kubernetes.io/instance: test
      app.kubernetes.io/part-of: default
      app.kubernetes.io/managed-by: Helm
      spelbook: default
      chapter: default
      spell: kaster
    stringData:
        account: structured-account
        region: us-west-2
        access-key: '{{ index .secret "access-key" }}'
    type: Opaque
---
# Source: kaster/templates/kaster.yaml
apiVersion: redhatcop.redhat.io/v1alpha1
kind: VaultSecret
metadata:
  name: app-credentials-main
  labels:
    app.kubernetes.io/name: test
    app.kubernetes.io/instance: test
    app.kubernetes.io/part-of: default
    app.kubernetes.io/managed-by: Helm
    spelbook: default
    chapter: default
    spell: kaster
spec:
  refreshThreshold: 90
  refreshPeriod: 3m0s
  vaultSecretDefinitions:
    - name: secret
      requestType: GET
      path: kv/data/default/default/glyphs-release/publics/app-credentials-main
      authentication:
        path: k8s-path-auth
        role: test
        serviceAccount:
          name: test
      connection:
        address: http://vault.vault.svc:8200
        tLSConfig:
          skipVerify: true
  output:
    name: app-credentials-main
    labels:
      app.kubernetes.io/name: test
      app.kubernetes.io/instance: test
      app.kubernetes.io/part-of: default
      app.kubernetes.io/managed-by: Helm
      spelbook: default
      chapter: default
      spell: kaster
    stringData:
        component: main-app
        username: app_user
        main-password: '{{ index .secret "main-password" }}'
    type: Opaque
---
# Source: kaster/templates/kaster.yaml
apiVersion: redhatcop.redhat.io/v1alpha1
kind: VaultSecret
metadata:
  name: app-credentials-token
  labels:
    app.kubernetes.io/name: test
    app.kubernetes.io/instance: test
    app.kubernetes.io/part-of: default
    app.kubernetes.io/managed-by: Helm
    spelbook: default
    chapter: default
    spell: kaster
spec:
  refreshThreshold: 90
  refreshPeriod: 3m0s
  vaultSecretDefinitions:
    - name: secret
      requestType: GET
      path: kv/data/default/default/glyphs-release/publics/app-credentials-token
      authentication:
        path: k8s-path-auth
        role: test
        serviceAccount:
          name: test
      connection:
        address: http://vault.vault.svc:8200
        tLSConfig:
          skipVerify: true
  output:
    name: app-credentials-token
    labels:
      app.kubernetes.io/name: test
      app.kubernetes.io/instance: test
      app.kubernetes.io/part-of: default
      app.kubernetes.io/managed-by: Helm
      spelbook: default
      chapter: default
      spell: kaster
    stringData:
        component: main-app
        token-type: bearer
        bearer-token: '{{ index .secret "bearer-token" }}'
    type: Opaque
---
# Source: kaster/templates/kaster.yaml
apiVersion: redhatcop.redhat.io/v1alpha1
kind: VaultSecret
metadata:
  name: app-credentials-apikey
  labels:
    app.kubernetes.io/name: test
    app.kubernetes.io/instance: test
    app.kubernetes.io/part-of: default
    app.kubernetes.io/managed-by: Helm
    spelbook: default
    chapter: default
    spell: kaster
spec:
  refreshThreshold: 90
  refreshPeriod: 3m0s
  vaultSecretDefinitions:
    - name: secret
      requestType: GET
      path: kv/data/default/default/glyphs-release/publics/app-credentials-apikey
      authentication:
        path: k8s-path-auth
        role: test
        serviceAccount:
          name: test
      connection:
        address: http://vault.vault.svc:8200
        tLSConfig:
          skipVerify: true
  output:
    name: app-credentials-apikey
    labels:
      app.kubernetes.io/name: test
      app.kubernetes.io/instance: test
      app.kubernetes.io/part-of: default
      app.kubernetes.io/managed-by: Helm
      spelbook: default
      chapter: default
      spell: kaster
    stringData:
        api-scope: read-write
        component: main-app
        api-key: '{{ index .secret "api-key" }}'
    type: Opaque
