---
# Source: kaster/charts/aws/templates/ack/ack-ec2-controller.tpl
# 
#
---
# Source: kaster/charts/aws/templates/ack/ack-kms-controller.tpl
# 
#
---
# Source: kaster/charts/aws/templates/ack/ack-rds-controller.tpl
# 
#
---
# Source: kaster/charts/aws/templates/ack/ack-s3-controller.tpl
# 
#
---
# Source: kaster/templates/kaster.yaml
apiVersion: redhatcop.redhat.io/v1alpha1
kind: DatabaseSecretEngineConfig
metadata:
  name: main-postgres
  labels:
    app.kubernetes.io/name: database-credentials-test
    app.kubernetes.io/instance: test
    app.kubernetes.io/part-of: test-book
    app.kubernetes.io/managed-by: Helm
    spelbook: test-book
    chapter: base-system
    spell: database-credentials-test
spec:
  authentication:
    path: the-yaml-life
    role: vault
    serviceAccount:
      name: vault
  connection:
    address: http://vault.vault.svc:8200
    tLSConfig:
      skipVerify: false
  pluginName: postgresql-database-plugin
  allowedRoles:
    - read-write
    - read-only
  connectionURL: postgresql://{{username}}:{{password}}@postgres.database.svc.cluster.local:5432/postgres
  rootCredentials:
    vaultSecret:
      path: secret/data/test-book/base-system/publics/main-postgres
    passwordKey: password
    usernameKey: username
  path: database-test-book-base-system
  rootPasswordRotation:
    enable: true
---
# Source: kaster/templates/kaster.yaml
apiVersion: redhatcop.redhat.io/v1alpha1
kind: DatabaseSecretEngineRole
metadata:
  name: main-postgres-read-write
  labels:
    app.kubernetes.io/name: database-credentials-test
    app.kubernetes.io/instance: test
    app.kubernetes.io/part-of: test-book
    app.kubernetes.io/managed-by: Helm
    spelbook: test-book
    chapter: base-system
    spell: database-credentials-test
spec:
  authentication:
    path: the-yaml-life
    role: vault
    serviceAccount:
      name: vault
  connection:
    address: http://vault.vault.svc:8200
    tLSConfig:
      skipVerify: false
  path: database-test-book-base-system
  dBName: postgres
  creationStatements:
    - CREATE ROLE "{{name}}" WITH LOGIN PASSWORD '{{password}}' VALID UNTIL '{{expiration}}'; GRANT ALL ON ALL TABLES IN SCHEMA public TO "{{name}}";
---
# Source: kaster/templates/kaster.yaml
apiVersion: redhatcop.redhat.io/v1alpha1
kind: DatabaseSecretEngineRole
metadata:
  name: main-postgres-read-only
  labels:
    app.kubernetes.io/name: database-credentials-test
    app.kubernetes.io/instance: test
    app.kubernetes.io/part-of: test-book
    app.kubernetes.io/managed-by: Helm
    spelbook: test-book
    chapter: base-system
    spell: database-credentials-test
spec:
  authentication:
    path: the-yaml-life
    role: vault
    serviceAccount:
      name: vault
  connection:
    address: http://vault.vault.svc:8200
    tLSConfig:
      skipVerify: false
  path: database-test-book-base-system
  dBName: postgres
  creationStatements:
    - CREATE ROLE "{{name}}" WITH LOGIN PASSWORD '{{password}}' VALID UNTIL '{{expiration}}'; GRANT SELECT ON ALL TABLES IN SCHEMA public TO "{{name}}";
---
# Source: kaster/templates/kaster.yaml
apiVersion: redhatcop.redhat.io/v1alpha1
kind: KubernetesAuthEngineRole
metadata:
  name: myapp-policy
  namespace: vault
  labels:
    app.kubernetes.io/name: database-credentials-test
    app.kubernetes.io/instance: test
    app.kubernetes.io/part-of: test-book
    app.kubernetes.io/managed-by: Helm
    spelbook: test-book
    chapter: base-system
    spell: database-credentials-test
spec:
  authentication:
    path: the-yaml-life
    role: vault
    serviceAccount:
      name: vault
  connection:
    address: http://vault.vault.svc:8200
    tLSConfig:
      skipVerify: false
  path: test-book
  policies:
    - myapp-policy
  targetServiceAccounts:
    - myapp
  targetNamespaces:
    targetNamespaces:
      - glyphs-release
---
# Source: kaster/templates/kaster.yaml
apiVersion: redhatcop.redhat.io/v1alpha1
kind: KubernetesAuthEngineRole
metadata:
  name: reporting-policy
  namespace: vault
  labels:
    app.kubernetes.io/name: database-credentials-test
    app.kubernetes.io/instance: test
    app.kubernetes.io/part-of: test-book
    app.kubernetes.io/managed-by: Helm
    spelbook: test-book
    chapter: base-system
    spell: database-credentials-test
spec:
  authentication:
    path: the-yaml-life
    role: vault
    serviceAccount:
      name: vault
  connection:
    address: http://vault.vault.svc:8200
    tLSConfig:
      skipVerify: false
  path: test-book
  policies:
    - reporting-policy
  targetServiceAccounts:
    - reporting-app
  targetNamespaces:
    targetNamespaces:
      - glyphs-release
---
# Source: kaster/templates/kaster.yaml
apiVersion: redhatcop.redhat.io/v1alpha1
kind: Policy
metadata:
  name: myapp-policy
  namespace: vault
  labels:
    app.kubernetes.io/name: database-credentials-test
    app.kubernetes.io/instance: test
    app.kubernetes.io/part-of: test-book
    app.kubernetes.io/managed-by: Helm
    spelbook: test-book
    chapter: base-system
    spell: database-credentials-test
spec:
  authentication:
    path: the-yaml-life
    role: vault
    serviceAccount:
      name: vault
  connection:
    address: http://vault.vault.svc:8200
    tLSConfig:
      skipVerify: false
  policy: |
    path "secret/data/test-book/base-system/myapp-policy/*" {
      capabilities = ["create","read","update","delete","list"]
    }
    path "secret/metadata/test-book/base-system/myapp-policy/*" {
      capabilities = ["create","read","update","delete","list"]
    }
    path "secret/data/test-book/base-system/publics/*" {
      capabilities = ["read","list"]
    }
    path "secret/metadata/test-book/base-system/publics/*" {
      capabilities = ["read","list"]
    }
    path "secret/data/test-book/publics/*" {
      capabilities = ["read","list"]
    }
    path "secret/metadata/test-book/publics/*" {
      capabilities = ["read","list"]
    }
    path "secret/data/test-book/pipelines/*" {
      capabilities = ["read","list"]
    }
    path "secret/metadata/test-book/pipelines/*" {
      capabilities = ["read","list"]
    }
    path "sys/policies/password/*" {
      capabilities = ["read","list"]
    }
    path "database-test-book-base-system/creds/*" {
      capabilities = ["read"]
    }
---
# Source: kaster/templates/kaster.yaml
apiVersion: redhatcop.redhat.io/v1alpha1
kind: Policy
metadata:
  name: reporting-policy
  namespace: vault
  labels:
    app.kubernetes.io/name: database-credentials-test
    app.kubernetes.io/instance: test
    app.kubernetes.io/part-of: test-book
    app.kubernetes.io/managed-by: Helm
    spelbook: test-book
    chapter: base-system
    spell: database-credentials-test
spec:
  authentication:
    path: the-yaml-life
    role: vault
    serviceAccount:
      name: vault
  connection:
    address: http://vault.vault.svc:8200
    tLSConfig:
      skipVerify: false
  policy: |
    path "secret/data/test-book/base-system/reporting-policy/*" {
      capabilities = ["create","read","update","delete","list"]
    }
    path "secret/metadata/test-book/base-system/reporting-policy/*" {
      capabilities = ["create","read","update","delete","list"]
    }
    path "secret/data/test-book/base-system/publics/*" {
      capabilities = ["read","list"]
    }
    path "secret/metadata/test-book/base-system/publics/*" {
      capabilities = ["read","list"]
    }
    path "secret/data/test-book/publics/*" {
      capabilities = ["read","list"]
    }
    path "secret/metadata/test-book/publics/*" {
      capabilities = ["read","list"]
    }
    path "secret/data/test-book/pipelines/*" {
      capabilities = ["read","list"]
    }
    path "secret/metadata/test-book/pipelines/*" {
      capabilities = ["read","list"]
    }
    path "sys/policies/password/*" {
      capabilities = ["read","list"]
    }
    path "database-test-book-base-system/creds/*" {
      capabilities = ["read"]
    }
---
# Source: kaster/templates/kaster.yaml
apiVersion: redhatcop.redhat.io/v1alpha1
kind: SecretEngineMount
metadata:
  name: database-test-book-base-system
  labels:
    app.kubernetes.io/name: database-credentials-test
    app.kubernetes.io/instance: test
    app.kubernetes.io/part-of: test-book
    app.kubernetes.io/managed-by: Helm
    spelbook: test-book
    chapter: base-system
    spell: database-credentials-test
spec:
  authentication:
    path: the-yaml-life
    role: database-credentials-test
    serviceAccount:
      name: database-credentials-test
  connection:
    address: http://vault.vault.svc:8200
    tLSConfig:
      skipVerify: false
  type: database
  description: "Database secrets engine for dynamic PostgreSQL credentials"
  config:
    listingVisibility: hidden
---
# Source: kaster/templates/kaster.yaml
apiVersion: redhatcop.redhat.io/v1alpha1
kind: VaultSecret
metadata:
  name: myapp-db-credentials
  labels:
    app.kubernetes.io/name: database-credentials-test
    app.kubernetes.io/instance: test
    app.kubernetes.io/part-of: test-book
    app.kubernetes.io/managed-by: Helm
    spelbook: test-book
    chapter: base-system
    spell: database-credentials-test
spec:
  refreshThreshold: 90
  refreshPeriod: 30m
  vaultSecretDefinitions:
    - name: secret
      requestType: GET
      path: database-test-book-base-system/creds/main-postgres-read-write
      authentication:
        path: the-yaml-life
        role: myapp
        serviceAccount:
          name: myapp
      connection:
        address: http://vault.vault.svc:8200
        tLSConfig:
          skipVerify: false
  output:
    name: myapp-db-credentials
    labels:
      app.kubernetes.io/name: database-credentials-test
      app.kubernetes.io/instance: test
      app.kubernetes.io/part-of: test-book
      app.kubernetes.io/managed-by: Helm
      spelbook: test-book
      chapter: base-system
      spell: database-credentials-test
    stringData: #tiene q haber una forma de hacer q esto funcione con un range del lado del operator para q no hagan falta las keys
        USERNAME: '{{ .secret.username }}'
        PASSWORD: '{{ .secret.password }}'
    type: Opaque
---
# Source: kaster/templates/kaster.yaml
apiVersion: redhatcop.redhat.io/v1alpha1
kind: VaultSecret
metadata:
  name: reporting-db-credentials
  labels:
    app.kubernetes.io/name: database-credentials-test
    app.kubernetes.io/instance: test
    app.kubernetes.io/part-of: test-book
    app.kubernetes.io/managed-by: Helm
    spelbook: test-book
    chapter: base-system
    spell: database-credentials-test
spec:
  refreshThreshold: 90
  refreshPeriod: 45m
  vaultSecretDefinitions:
    - name: secret
      requestType: GET
      path: database-test-book-base-system/creds/main-postgres-read-only
      authentication:
        path: the-yaml-life
        role: reporting-app
        serviceAccount:
          name: reporting-app
      connection:
        address: http://vault.vault.svc:8200
        tLSConfig:
          skipVerify: false
  output:
    name: reporting-db-credentials
    labels:
      app.kubernetes.io/name: database-credentials-test
      app.kubernetes.io/instance: test
      app.kubernetes.io/part-of: test-book
      app.kubernetes.io/managed-by: Helm
      spelbook: test-book
      chapter: base-system
      spell: database-credentials-test
    stringData: #tiene q haber una forma de hacer q esto funcione con un range del lado del operator para q no hagan falta las keys
        USERNAME: '{{ .secret.username }}'
        PASSWORD: '{{ .secret.password }}'
    type: Opaque
