---
# Source: kaster/charts/aws/templates/ack/ack-ec2-controller.tpl
# 
#
---
# Source: kaster/charts/aws/templates/ack/ack-kms-controller.tpl
# 
#
---
# Source: kaster/charts/aws/templates/ack/ack-rds-controller.tpl
# 
#
---
# Source: kaster/charts/aws/templates/ack/ack-s3-controller.tpl
# 
#
---
# Source: kaster/templates/kaster.yaml
apiVersion: redhatcop.redhat.io/v1alpha1
kind: VaultSecret
metadata:
  name: env-format-secret
  labels:
    app.kubernetes.io/name: test
    app.kubernetes.io/instance: test
    app.kubernetes.io/part-of: default
    app.kubernetes.io/managed-by: Helm
    spelbook: default
    chapter: default
    spell: kaster
spec:
  refreshThreshold: 90
  refreshPeriod: 3m0s
  vaultSecretDefinitions:
    - name: secret
      requestType: GET
      path: kv/data/default/default/glyphs-release/publics/env-format-secret
      authentication:
        path: k8s-path-auth
        role: test
        serviceAccount:
          name: test
      connection:
        address: http://vault.vault.svc:8200
        tLSConfig:
          skipVerify: true
  output:
    name: env-format-secret
    labels:
      app.kubernetes.io/name: test
      app.kubernetes.io/instance: test
      app.kubernetes.io/part-of: default
      app.kubernetes.io/managed-by: Helm
      spelbook: default
      chapter: default
      spell: kaster
    stringData: #tiene q haber una forma de hacer q esto funcione con un range del lado del operator para q no hagan falta las keys
        DATABASE_URL: '{{ .secret.database-url }}'
        API_KEY: '{{ .secret.api-key }}'
        SERVICE_PORT: '{{ .secret.service-port }}'
        ENVIRONMENT: production
        REGION: us-east-1
    type: Opaque
---
# Source: kaster/templates/kaster.yaml
apiVersion: redhatcop.redhat.io/v1alpha1
kind: VaultSecret
metadata:
  name: json-format-secret
  labels:
    app.kubernetes.io/name: test
    app.kubernetes.io/instance: test
    app.kubernetes.io/part-of: default
    app.kubernetes.io/managed-by: Helm
    spelbook: default
    chapter: default
    spell: kaster
spec:
  refreshThreshold: 90
  refreshPeriod: 3m0s
  vaultSecretDefinitions:
    - name: secret
      requestType: GET
      path: kv/data/default/default/glyphs-release/publics/json-format-secret
      authentication:
        path: k8s-path-auth
        role: test
        serviceAccount:
          name: test
      connection:
        address: http://vault.vault.svc:8200
        tLSConfig:
          skipVerify: true
  output:
    name: json-format-secret
    labels:
      app.kubernetes.io/name: test
      app.kubernetes.io/instance: test
      app.kubernetes.io/part-of: default
      app.kubernetes.io/managed-by: Helm
      spelbook: default
      chapter: default
      spell: kaster
    stringData:
      config-json: '{{ .secret | toJson  }}'
    type: Opaque
---
# Source: kaster/templates/kaster.yaml
apiVersion: redhatcop.redhat.io/v1alpha1
kind: VaultSecret
metadata:
  name: b64-format-secret
  labels:
    app.kubernetes.io/name: test
    app.kubernetes.io/instance: test
    app.kubernetes.io/part-of: default
    app.kubernetes.io/managed-by: Helm
    spelbook: default
    chapter: default
    spell: kaster
spec:
  refreshThreshold: 90
  refreshPeriod: 3m0s
  vaultSecretDefinitions:
    - name: secret
      requestType: GET
      path: kv/data/default/default/glyphs-release/publics/b64-format-secret
      authentication:
        path: k8s-path-auth
        role: test
        serviceAccount:
          name: test
      connection:
        address: http://vault.vault.svc:8200
        tLSConfig:
          skipVerify: true
  output:
    name: b64-format-secret
    labels:
      app.kubernetes.io/name: test
      app.kubernetes.io/instance: test
      app.kubernetes.io/part-of: default
      app.kubernetes.io/managed-by: Helm
      spelbook: default
      chapter: default
      spell: kaster
    stringData:
      encoded-data: '{{ .secret.b64 }}'
    type: Opaque
---
# Source: kaster/templates/kaster.yaml
apiVersion: redhatcop.redhat.io/v1alpha1
kind: VaultSecret
metadata:
  name: yaml-format-secret
  labels:
    app.kubernetes.io/name: test
    app.kubernetes.io/instance: test
    app.kubernetes.io/part-of: default
    app.kubernetes.io/managed-by: Helm
    spelbook: default
    chapter: default
    spell: kaster
spec:
  refreshThreshold: 90
  refreshPeriod: 3m0s
  vaultSecretDefinitions:
    - name: secret
      requestType: GET
      path: kv/data/default/default/glyphs-release/publics/yaml-format-secret
      authentication:
        path: k8s-path-auth
        role: test
        serviceAccount:
          name: test
      connection:
        address: http://vault.vault.svc:8200
        tLSConfig:
          skipVerify: true
  output:
    name: yaml-format-secret
    labels:
      app.kubernetes.io/name: test
      app.kubernetes.io/instance: test
      app.kubernetes.io/part-of: default
      app.kubernetes.io/managed-by: Helm
      spelbook: default
      chapter: default
      spell: kaster
    stringData:
      config-yaml: '{{ .secret | toYaml  }}'
    type: Opaque
---
# Source: kaster/templates/kaster.yaml
apiVersion: redhatcop.redhat.io/v1alpha1
kind: VaultSecret
metadata:
  name: plain-format-secret
  labels:
    app.kubernetes.io/name: test
    app.kubernetes.io/instance: test
    app.kubernetes.io/part-of: default
    app.kubernetes.io/managed-by: Helm
    spelbook: default
    chapter: default
    spell: kaster
spec:
  refreshThreshold: 90
  refreshPeriod: 3m0s
  vaultSecretDefinitions:
    - name: secret
      requestType: GET
      path: kv/data/default/default/glyphs-release/publics/plain-format-secret
      authentication:
        path: k8s-path-auth
        role: test
        serviceAccount:
          name: test
      connection:
        address: http://vault.vault.svc:8200
        tLSConfig:
          skipVerify: true
  output:
    name: plain-format-secret
    labels:
      app.kubernetes.io/name: test
      app.kubernetes.io/instance: test
      app.kubernetes.io/part-of: default
      app.kubernetes.io/managed-by: Helm
      spelbook: default
      chapter: default
      spell: kaster
    stringData:
        username: '{{ .secret.username }}'
        password: '{{ .secret.password }}'
        host: '{{ .secret.host }}'
        port: 5432
        ssl: true
    type: Opaque
