---
# Source: kaster/charts/aws/templates/ack/ack-ec2-controller.tpl
# 
#
---
# Source: kaster/charts/aws/templates/ack/ack-kms-controller.tpl
# 
#
---
# Source: kaster/charts/aws/templates/ack/ack-rds-controller.tpl
# 
#
---
# Source: kaster/charts/aws/templates/ack/ack-s3-controller.tpl
# 
#
---
# Source: kaster/templates/kaster.yaml
apiVersion: redhatcop.redhat.io/v1alpha1
kind: PasswordPolicy
metadata:
  name: short-policy
  namespace: vault
  labels:
    app.kubernetes.io/name: test
    app.kubernetes.io/instance: test
    app.kubernetes.io/part-of: default
    app.kubernetes.io/managed-by: Helm
    spelbook: default
    chapter: default
    spell: kaster
spec:
  authentication:
    path: k8s-path-auth
    role: vault
    serviceAccount:
      name: vault
  connection:
    address: http://vault.vault.svc:8200
    tLSConfig:
      skipVerify: true
  passwordPolicy: |
    length = 16
    rule "charset" {
      charset = "abcdefghijklmnopqrstuvwxyz"
      min-chars = 5
    }
    rule "charset" {
      charset = "ABCDEFGHIJKLMNOPQRSTUVWXYZ"
      min-chars = 5
    }
    rule "charset" {
      charset = "0123456789"
      min-chars = 4
    }
---
# Source: kaster/templates/kaster.yaml
apiVersion: redhatcop.redhat.io/v1alpha1
kind: PasswordPolicy
metadata:
  name: short-policy-alt
  namespace: vault
spec:
  authentication:
    path: k8s-path-auth
    role: vault
    serviceAccount:
      name: vault
  connection:
    address: http://vault.vault.svc:8200
    tLSConfig:
      skipVerify: true
  passwordPolicy: |
    length = 16
    rule "charset" {
      charset = "abcdefghijklmnopqrstuvwxyz"
      min-chars = 5
    }
    rule "charset" {
      charset = "ABCDEFGHIJKLMNOPQRSTUVWXYZ"
      min-chars = 5
    }
    rule "charset" {
      charset = "0123456789"
      min-chars = 6
    }
    rule "charset" {
      charset = "!@#$%^&*"
      min-chars = 1
    }
---
# Source: kaster/templates/kaster.yaml
apiVersion: redhatcop.redhat.io/v1alpha1
kind: RandomSecret
metadata:
  name: api-token
  labels:
    app.kubernetes.io/name: test
    app.kubernetes.io/instance: test
    app.kubernetes.io/part-of: default
    app.kubernetes.io/managed-by: Helm
    spelbook: default
    chapter: default
    spell: kaster
spec:
  authentication:
    path: k8s-path-auth
    role: test
    serviceAccount:
      name: test
  connection:
    address: http://vault.vault.svc:8200
    tLSConfig:
      skipVerify: true
  isKVSecretsEngineV2: true
  path: kv/data/default/default/glyphs-release/publics/
  secretKey: token
  secretFormat:
    passwordPolicyName: short-policy
---
# Source: kaster/templates/kaster.yaml
apiVersion: redhatcop.redhat.io/v1alpha1
kind: RandomSecret
metadata:
  name: session-manager
  labels:
    app.kubernetes.io/name: test
    app.kubernetes.io/instance: test
    app.kubernetes.io/part-of: default
    app.kubernetes.io/managed-by: Helm
    spelbook: default
    chapter: default
    spell: kaster
spec:
  authentication:
    path: k8s-path-auth
    role: test
    serviceAccount:
      name: test
  connection:
    address: http://vault.vault.svc:8200
    tLSConfig:
      skipVerify: true
  isKVSecretsEngineV2: true
  path: kv/data/default/default/glyphs-release/publics/
  secretKey: session-id
  secretFormat:
    passwordPolicyName: short-policy
---
# Source: kaster/templates/kaster.yaml
apiVersion: redhatcop.redhat.io/v1alpha1
kind: RandomSecret
metadata:
  name: registration-codes
  labels:
    app.kubernetes.io/name: test
    app.kubernetes.io/instance: test
    app.kubernetes.io/part-of: default
    app.kubernetes.io/managed-by: Helm
    spelbook: default
    chapter: default
    spell: kaster
spec:
  authentication:
    path: k8s-path-auth
    role: test
    serviceAccount:
      name: test
  connection:
    address: http://vault.vault.svc:8200
    tLSConfig:
      skipVerify: true
  isKVSecretsEngineV2: true
  path: kv/data/default/default/glyphs-release/publics/
  secretKey: code
  secretFormat:
    passwordPolicyName: short-policy
  refreshPeriod: 604800
---
# Source: kaster/templates/kaster.yaml
apiVersion: redhatcop.redhat.io/v1alpha1
kind: RandomSecret
metadata:
  name: device-pairing
  labels:
    app.kubernetes.io/name: test
    app.kubernetes.io/instance: test
    app.kubernetes.io/part-of: default
    app.kubernetes.io/managed-by: Helm
    spelbook: default
    chapter: default
    spell: kaster
spec:
  authentication:
    path: k8s-path-auth
    role: test
    serviceAccount:
      name: test
  connection:
    address: http://vault.vault.svc:8200
    tLSConfig:
      skipVerify: true
  isKVSecretsEngineV2: true
  path: kv/data/default/default/glyphs-release/publics/
  secretKey: pairing-code
  secretFormat:
    passwordPolicyName: short-policy
---
# Source: kaster/templates/kaster.yaml
apiVersion: redhatcop.redhat.io/v1alpha1
kind: RandomSecret
metadata:
  name: temp-access
  labels:
    app.kubernetes.io/name: test
    app.kubernetes.io/instance: test
    app.kubernetes.io/part-of: default
    app.kubernetes.io/managed-by: Helm
    spelbook: default
    chapter: default
    spell: kaster
spec:
  authentication:
    path: k8s-path-auth
    role: test
    serviceAccount:
      name: test
  connection:
    address: http://vault.vault.svc:8200
    tLSConfig:
      skipVerify: true
  isKVSecretsEngineV2: true
  path: kv/data/default/default/glyphs-release/publics/
  secretKey: temp-token
  secretFormat:
    passwordPolicyName: short-policy
  refreshPeriod: 3600
---
# Source: kaster/templates/kaster.yaml
apiVersion: redhatcop.redhat.io/v1alpha1
kind: RandomSecret
metadata:
  name: microservice-auth-api
  labels:
    app.kubernetes.io/name: test
    app.kubernetes.io/instance: test
    app.kubernetes.io/part-of: default
    app.kubernetes.io/managed-by: Helm
    spelbook: default
    chapter: default
    spell: kaster
spec:
  authentication:
    path: k8s-path-auth
    role: test
    serviceAccount:
      name: test
  connection:
    address: http://vault.vault.svc:8200
    tLSConfig:
      skipVerify: true
  isKVSecretsEngineV2: true
  path: kv/data/default/default/glyphs-release/publics/
  secretKey: auth-token
  secretFormat:
    passwordPolicyName: short-policy
---
# Source: kaster/templates/kaster.yaml
apiVersion: redhatcop.redhat.io/v1alpha1
kind: RandomSecret
metadata:
  name: microservice-auth-worker
  labels:
    app.kubernetes.io/name: test
    app.kubernetes.io/instance: test
    app.kubernetes.io/part-of: default
    app.kubernetes.io/managed-by: Helm
    spelbook: default
    chapter: default
    spell: kaster
spec:
  authentication:
    path: k8s-path-auth
    role: test
    serviceAccount:
      name: test
  connection:
    address: http://vault.vault.svc:8200
    tLSConfig:
      skipVerify: true
  isKVSecretsEngineV2: true
  path: kv/data/default/default/glyphs-release/publics/
  secretKey: auth-token
  secretFormat:
    passwordPolicyName: short-policy
---
# Source: kaster/templates/kaster.yaml
apiVersion: redhatcop.redhat.io/v1alpha1
kind: RandomSecret
metadata:
  name: microservice-auth-admin
  labels:
    app.kubernetes.io/name: test
    app.kubernetes.io/instance: test
    app.kubernetes.io/part-of: default
    app.kubernetes.io/managed-by: Helm
    spelbook: default
    chapter: default
    spell: kaster
spec:
  authentication:
    path: k8s-path-auth
    role: test
    serviceAccount:
      name: test
  connection:
    address: http://vault.vault.svc:8200
    tLSConfig:
      skipVerify: true
  isKVSecretsEngineV2: true
  path: kv/data/default/default/glyphs-release/publics/
  secretKey: auth-token
  secretFormat:
    passwordPolicyName: short-policy
---
# Source: kaster/templates/kaster.yaml
apiVersion: redhatcop.redhat.io/v1alpha1
kind: VaultSecret
metadata:
  name: api-token
  labels:
    app.kubernetes.io/name: test
    app.kubernetes.io/instance: test
    app.kubernetes.io/part-of: default
    app.kubernetes.io/managed-by: Helm
    spelbook: default
    chapter: default
    spell: kaster
spec:
  refreshThreshold: 90
  refreshPeriod: 3m0s
  vaultSecretDefinitions:
    - name: secret
      requestType: GET
      path: kv/data/default/default/glyphs-release/publics/api-token
      authentication:
        path: k8s-path-auth
        role: test
        serviceAccount:
          name: test
      connection:
        address: http://vault.vault.svc:8200
        tLSConfig:
          skipVerify: true
  output:
    name: api-token
    labels:
      app.kubernetes.io/name: test
      app.kubernetes.io/instance: test
      app.kubernetes.io/part-of: default
      app.kubernetes.io/managed-by: Helm
      spelbook: default
      chapter: default
      spell: kaster
    stringData:
        service: '{{ .secret.service }}'
        created-by: vault
        environment: production
        service: api-gateway
        token: '{{ index .secret "token" }}'
    type: Opaque
---
# Source: kaster/templates/kaster.yaml
apiVersion: redhatcop.redhat.io/v1alpha1
kind: VaultSecret
metadata:
  name: session-manager
  labels:
    app.kubernetes.io/name: test
    app.kubernetes.io/instance: test
    app.kubernetes.io/part-of: default
    app.kubernetes.io/managed-by: Helm
    spelbook: default
    chapter: default
    spell: kaster
spec:
  refreshThreshold: 90
  refreshPeriod: 3m0s
  vaultSecretDefinitions:
    - name: secret
      requestType: GET
      path: kv/data/default/default/glyphs-release/publics/session-manager
      authentication:
        path: k8s-path-auth
        role: test
        serviceAccount:
          name: test
      connection:
        address: http://vault.vault.svc:8200
        tLSConfig:
          skipVerify: true
  output:
    name: session-manager
    labels:
      app.kubernetes.io/name: test
      app.kubernetes.io/instance: test
      app.kubernetes.io/part-of: default
      app.kubernetes.io/managed-by: Helm
      spelbook: default
      chapter: default
      spell: kaster
    stringData:
        app-name: '{{ .secret.app-name }}'
        app-name: web-frontend
        timeout: 3600
        session-id: '{{ index .secret "session-id" }}'
    type: Opaque
---
# Source: kaster/templates/kaster.yaml
apiVersion: redhatcop.redhat.io/v1alpha1
kind: VaultSecret
metadata:
  name: registration-codes
  labels:
    app.kubernetes.io/name: test
    app.kubernetes.io/instance: test
    app.kubernetes.io/part-of: default
    app.kubernetes.io/managed-by: Helm
    spelbook: default
    chapter: default
    spell: kaster
spec:
  refreshThreshold: 90
  refreshPeriod: 604800
  vaultSecretDefinitions:
    - name: secret
      requestType: GET
      path: kv/data/default/default/glyphs-release/publics/registration-codes
      authentication:
        path: k8s-path-auth
        role: test
        serviceAccount:
          name: test
      connection:
        address: http://vault.vault.svc:8200
        tLSConfig:
          skipVerify: true
  output:
    name: registration-codes
    labels:
      app.kubernetes.io/name: test
      app.kubernetes.io/instance: test
      app.kubernetes.io/part-of: default
      app.kubernetes.io/managed-by: Helm
      spelbook: default
      chapter: default
      spell: kaster
    stringData:
        purpose: '{{ .secret.purpose }}'
        purpose: user-registration
        valid-for: 7-days
        code: '{{ index .secret "code" }}'
    type: Opaque
---
# Source: kaster/templates/kaster.yaml
apiVersion: redhatcop.redhat.io/v1alpha1
kind: VaultSecret
metadata:
  name: device-pairing
  labels:
    app.kubernetes.io/name: test
    app.kubernetes.io/instance: test
    app.kubernetes.io/part-of: default
    app.kubernetes.io/managed-by: Helm
    spelbook: default
    chapter: default
    spell: kaster
spec:
  refreshThreshold: 90
  refreshPeriod: 3m0s
  vaultSecretDefinitions:
    - name: secret
      requestType: GET
      path: kv/data/default/default/glyphs-release/publics/device-pairing
      authentication:
        path: k8s-path-auth
        role: test
        serviceAccount:
          name: test
      connection:
        address: http://vault.vault.svc:8200
        tLSConfig:
          skipVerify: true
  output:
    name: device-pairing
    labels:
      app.kubernetes.io/name: test
      app.kubernetes.io/instance: test
      app.kubernetes.io/part-of: default
      app.kubernetes.io/managed-by: Helm
      spelbook: default
      chapter: default
      spell: kaster
    stringData:
        device-type: '{{ .secret.device-type }}'
        device-type: iot-sensor
        protocol: mqtt
        pairing-code: '{{ index .secret "pairing-code" }}'
    type: Opaque
---
# Source: kaster/templates/kaster.yaml
apiVersion: redhatcop.redhat.io/v1alpha1
kind: VaultSecret
metadata:
  name: temp-access
  labels:
    app.kubernetes.io/name: test
    app.kubernetes.io/instance: test
    app.kubernetes.io/part-of: default
    app.kubernetes.io/managed-by: Helm
    spelbook: default
    chapter: default
    spell: kaster
spec:
  refreshThreshold: 90
  refreshPeriod: 3600
  vaultSecretDefinitions:
    - name: secret
      requestType: GET
      path: kv/data/default/default/glyphs-release/publics/temp-access
      authentication:
        path: k8s-path-auth
        role: test
        serviceAccount:
          name: test
      connection:
        address: http://vault.vault.svc:8200
        tLSConfig:
          skipVerify: true
  output:
    name: temp-access
    labels:
      app.kubernetes.io/name: test
      app.kubernetes.io/instance: test
      app.kubernetes.io/part-of: default
      app.kubernetes.io/managed-by: Helm
      spelbook: default
      chapter: default
      spell: kaster
    stringData:
        grant-type: '{{ .secret.grant-type }}'
        grant-type: temporary
        max-usage: single-use
        temp-token: '{{ index .secret "temp-token" }}'
    type: Opaque
---
# Source: kaster/templates/kaster.yaml
apiVersion: redhatcop.redhat.io/v1alpha1
kind: VaultSecret
metadata:
  name: microservice-auth-api
  labels:
    app.kubernetes.io/name: test
    app.kubernetes.io/instance: test
    app.kubernetes.io/part-of: default
    app.kubernetes.io/managed-by: Helm
    spelbook: default
    chapter: default
    spell: kaster
spec:
  refreshThreshold: 90
  refreshPeriod: 3m0s
  vaultSecretDefinitions:
    - name: secret
      requestType: GET
      path: kv/data/default/default/glyphs-release/publics/microservice-auth-api
      authentication:
        path: k8s-path-auth
        role: test
        serviceAccount:
          name: test
      connection:
        address: http://vault.vault.svc:8200
        tLSConfig:
          skipVerify: true
  output:
    name: microservice-auth-api
    labels:
      app.kubernetes.io/name: test
      app.kubernetes.io/instance: test
      app.kubernetes.io/part-of: default
      app.kubernetes.io/managed-by: Helm
      spelbook: default
      chapter: default
      spell: kaster
    stringData:
        port: 8080
        service: api-service
        auth-token: '{{ index .secret "auth-token" }}'
    type: Opaque
---
# Source: kaster/templates/kaster.yaml
apiVersion: redhatcop.redhat.io/v1alpha1
kind: VaultSecret
metadata:
  name: microservice-auth-worker
  labels:
    app.kubernetes.io/name: test
    app.kubernetes.io/instance: test
    app.kubernetes.io/part-of: default
    app.kubernetes.io/managed-by: Helm
    spelbook: default
    chapter: default
    spell: kaster
spec:
  refreshThreshold: 90
  refreshPeriod: 3m0s
  vaultSecretDefinitions:
    - name: secret
      requestType: GET
      path: kv/data/default/default/glyphs-release/publics/microservice-auth-worker
      authentication:
        path: k8s-path-auth
        role: test
        serviceAccount:
          name: test
      connection:
        address: http://vault.vault.svc:8200
        tLSConfig:
          skipVerify: true
  output:
    name: microservice-auth-worker
    labels:
      app.kubernetes.io/name: test
      app.kubernetes.io/instance: test
      app.kubernetes.io/part-of: default
      app.kubernetes.io/managed-by: Helm
      spelbook: default
      chapter: default
      spell: kaster
    stringData:
        port: 8081
        service: worker-service
        auth-token: '{{ index .secret "auth-token" }}'
    type: Opaque
---
# Source: kaster/templates/kaster.yaml
apiVersion: redhatcop.redhat.io/v1alpha1
kind: VaultSecret
metadata:
  name: microservice-auth-admin
  labels:
    app.kubernetes.io/name: test
    app.kubernetes.io/instance: test
    app.kubernetes.io/part-of: default
    app.kubernetes.io/managed-by: Helm
    spelbook: default
    chapter: default
    spell: kaster
spec:
  refreshThreshold: 90
  refreshPeriod: 3m0s
  vaultSecretDefinitions:
    - name: secret
      requestType: GET
      path: kv/data/default/default/glyphs-release/publics/microservice-auth-admin
      authentication:
        path: k8s-path-auth
        role: test
        serviceAccount:
          name: test
      connection:
        address: http://vault.vault.svc:8200
        tLSConfig:
          skipVerify: true
  output:
    name: microservice-auth-admin
    labels:
      app.kubernetes.io/name: test
      app.kubernetes.io/instance: test
      app.kubernetes.io/part-of: default
      app.kubernetes.io/managed-by: Helm
      spelbook: default
      chapter: default
      spell: kaster
    stringData:
        port: 8082
        service: admin-service
        auth-token: '{{ index .secret "auth-token" }}'
    type: Opaque
